2026-01-27 07:58:44 127.0.0.1 (pid 4132) :Pub:ERREUR: queue_close_job car _JQ_PENDING depuis +180s : Array
(
    [id_job] => 331812
    [descriptif] => Tâche CRON mail (toutes les 86400 s)
    [fonction] => mail
    [args] => a:1:{i:0;i:1764638215;}
    [md5args] => 6ae7e089b960ed8db896f1e80ebed6f2
    [inclure] => genie/
    [priorite] => 0
    [date] => 2026-01-27 05:58:32
    [status] => 0
)

2026-01-29 00:16:13 127.0.0.1 (pid 27084) :Pub:ERREUR: queue_close_job car _JQ_PENDING depuis +180s : Array
(
    [id_job] => 331828
    [descriptif] => Tâche CRON svp_actualiser_depots (toutes les 21600 s)
    [fonction] => svp_actualiser_depots
    [args] => a:1:{i:0;i:1769550545;}
    [md5args] => 067ccdb7df9c3dec2f408ef3936b7c8b
    [inclure] => genie/
    [priorite] => 0
    [date] => 2026-01-28 22:15:21
    [status] => 0
)

2026-01-30 23:32:07 127.0.0.1 (pid 16880) :Pub:ERREUR: queue_close_job car _JQ_PENDING depuis +180s : Array
(
    [id_job] => 331852
    [descriptif] => Tâche CRON svp_actualiser_depots (toutes les 21600 s)
    [fonction] => svp_actualiser_depots
    [args] => a:1:{i:0;i:1769744719;}
    [md5args] => 2366b9dbfc29e4be78b8ac996ddbc493
    [inclure] => genie/
    [priorite] => 0
    [date] => 2026-01-30 23:12:34
    [status] => 0
)

2026-02-09 00:05:55 127.0.0.1 (pid 5332) :Pub:ERREUR: queue_close_job car _JQ_PENDING depuis +180s : Array
(
    [id_job] => 332105
    [descriptif] => Tâche CRON svp_actualiser_depots (toutes les 21600 s)
    [fonction] => svp_actualiser_depots
    [args] => a:1:{i:0;i:1770414879;}
    [md5args] => a11f7e058ce57118067d3024c9108808
    [inclure] => genie/
    [priorite] => 0
    [date] => 2026-02-08 23:33:37
    [status] => 0
)

2026-02-09 00:05:55 127.0.0.1 (pid 5332) :Pub:ERREUR: queue_close_job car _JQ_PENDING depuis +180s : Array
(
    [id_job] => 332109
    [descriptif] => Tâche CRON inscription3_taches_generales (toutes les 86400 s)
    [fonction] => inscription3_taches_generales
    [args] => a:1:{i:0;i:1770415435;}
    [md5args] => 4f763ac03e471d5ef95fd0ca30374f1d
    [inclure] => genie/
    [priorite] => 0
    [date] => 2026-02-08 23:33:38
    [status] => 0
)

